# Expected violations for asdf-component-strings.asd
# Format: line:column rule-name severity

4:11 asdf-component-strings warning
4:11 asdf-secondary-system-name warning
8:11 asdf-secondary-system-name warning
14:15 asdf-component-strings warning
13:15 asdf-component-strings warning
12:11 asdf-secondary-system-name warning
17:11 asdf-secondary-system-name warning
23:22 asdf-component-strings warning
24:22 asdf-component-strings warning
22:11 asdf-secondary-system-name warning
27:11 asdf-secondary-system-name warning
35:22 asdf-component-strings warning
33:15 asdf-component-strings warning
32:11 asdf-component-strings warning
32:11 asdf-secondary-system-name warning
40:27 asdf-component-strings warning
40:15 asdf-component-strings warning
39:11 asdf-secondary-system-name warning
