# Expected violations for form-rules.lisp
# Format: line:column rule-name severity

11:2 if-without-else warning
18:2 bare-progn info
28:2 bare-progn info
35:2 bare-progn info
44:2 missing-otherwise info
51:2 missing-otherwise info
57:2 missing-otherwise info
66:2 wrong-otherwise error
73:2 wrong-otherwise error
