# Expected violations for interned-package-symbol.lisp
3:12 interned-package-symbol warning
4:8 interned-package-symbol warning
5:11 interned-package-symbol warning
5:16 interned-package-symbol warning
6:12 interned-package-symbol warning
8:12 interned-package-symbol warning
9:8 interned-package-symbol warning
10:11 interned-package-symbol warning
11:12 interned-package-symbol warning
14:8 interned-package-symbol warning
15:12 interned-package-symbol warning
