# Expected violations for defpackage-interned-symbol.lisp
3:12 defpackage-interned-symbol info
4:8 defpackage-interned-symbol info
5:11 defpackage-interned-symbol info
5:16 defpackage-interned-symbol info
6:12 defpackage-interned-symbol info
8:12 defpackage-interned-symbol info
9:8 defpackage-interned-symbol info
10:11 defpackage-interned-symbol info
11:12 defpackage-interned-symbol info
14:8 defpackage-interned-symbol info
15:12 defpackage-interned-symbol info
